PS C:\Users\P AKHILESH YADAV\Documents\GitHub\c_activity_sets\set01> gdb a.exe
GNU gdb (GDB) 7.6.1
Copyright (C) 2013 Free Software Foundation, Inc.
License GPLv3+: GNU GPL version 3 or later <http://gnu.org/licenses/gpl.html>
This is free software: you are free to change and redistribute it.
There is NO WARRANTY, to the extent permitted by law.  Type "show copying"
and "show warranty" for details.
This GDB was configured as "mingw32".
For bug reporting instructions, please see:
<http://www.gnu.org/software/gdb/bugs/>...
Reading symbols from C:\Users\P AKHILESH YADAV\Documents\GitHub\c_activity_sets\set01\a.exe...done.
(gdb) b main
Breakpoint 1 at 0x4014d8: file problem03.c, line 20.
(gdb) r 
Starting program: C:\Users\P AKHILESH YADAV\Documents\GitHub\c_activity_sets\set01/a.exe       
[New Thread 25708.0x6454]
[New Thread 25708.0x6450]

Breakpoint 1, main () at problem03.c:20
20          a = input();
(gdb) s
input () at problem03.c:7
7           printf("Enter a number");
(gdb) l
2       int input();
3       int add(int a, int b);
4       void output(int a, int b, int sum);
5       int input(){
6           int x ;
7           printf("Enter a number");
8           scanf("%d",&x);
9           return x ;
10      }
11      int add(int a, int b){
(gdb) l 
12          int sum = a+b ;
13          return sum ;
14      }
15      void output(int a, int b, int sum){
16          printf("The sum of %d and %d is %d",a,b,sum);
17      }
18      int main(){
19          int a, b , sum;
20          a = input();
21          b = input();
(gdb) l
22          sum = add(a,b);
23          output (a,b, sum);
24          return 0 ;
25      }
(gdb) l
Line number 26 out of range; problem03.c has 25 lines.
(gdb) l
Line number 26 out of range; problem03.c has 25 lines.
(gdb) r
The program being debugged has been started already.
Start it from the beginning? (y or n) y

error return ../../gdb-7.6.1/gdb/windows-nat.c:1275 was 5
Starting program: C:\Users\P AKHILESH YADAV\Documents\GitHub\c_activity_sets\set01/a.exe       
[New Thread 26484.0x6358]
[New Thread 26484.0x6770]

Breakpoint 1, main () at problem03.c:20
20          a = input();
(gdb) 25
Undefined command: "25".  Try "help".
(gdb) q
A debugging session is active.

        Inferior 1 [process 26484] will be killed.

Quit anyway? (y or n) y
error return ../../gdb-7.6.1/gdb/windows-nat.c:1275 was 5
PS C:\Users\P AKHILESH YADAV\Documents\GitHub\c_activity_sets\set01> gdb a.exe 
GNU gdb (GDB) 7.6.1
Copyright (C) 2013 Free Software Foundation, Inc.
License GPLv3+: GNU GPL version 3 or later <http://gnu.org/licenses/gpl.html>
This is free software: you are free to change and redistribute it.
There is NO WARRANTY, to the extent permitted by law.  Type "show copying"
and "show warranty" for details.
This GDB was configured as "mingw32".
For bug reporting instructions, please see:
<http://www.gnu.org/software/gdb/bugs/>...
Reading symbols from C:\Users\P AKHILESH YADAV\Documents\GitHub\c_activity_sets\set01\a.exe...done.
(gdb)
(gdb) r
Starting program: C:\Users\P AKHILESH YADAV\Documents\GitHub\c_activity_sets\set01/a.exe       
[New Thread 16712.0x21b0]
[New Thread 16712.0x3d30]
Enter a number26
Enter a number45
The sum of 26 and 45 is 71[Inferior 1 (process 16712) exited normally]
(gdb)