PS C:\Users\P AKHILESH YADAV\Documents\GitHub\c_activity_sets> git add .
PS C:\Users\P AKHILESH YADAV\Documents\GitHub\c_activity_sets> git commit -m "test"
[main 28986fa] test
 3 files changed, 94 insertions(+)
 create mode 100644 set01/problem04debug.txt
 create mode 100644 set01/problem04error.txt
PS C:\Users\P AKHILESH YADAV\Documents\GitHub\c_activity_sets> git push .
Everything up-to-date
PS C:\Users\P AKHILESH YADAV\Documents\GitHub\c_activity_sets>  cd set01
PS C:\Users\P AKHILESH YADAV\Documents\GitHub\c_activity_sets\set01> gcc problem04.c -O0 -g 
PS C:\Users\P AKHILESH YADAV\Documents\GitHub\c_activity_sets\set01> gdb a.exe
GNU gdb (GDB) 7.6.1
Copyright (C) 2013 Free Software Foundation, Inc.
License GPLv3+: GNU GPL version 3 or later <http://gnu.org/licenses/gpl.html>
This is free software: you are free to change and redistribute it.
There is NO WARRANTY, to the extent permitted by law.  Type "show copying"
and "show warranty" for details.
This GDB was configured as "mingw32".
For bug reporting instructions, please see:
<http://www.gnu.org/software/gdb/bugs/>...
Reading symbols from C:\Users\P AKHILESH YADAV\Documents\GitHub\c_activity_sets\set01\a.exe...done.
(gdb) l
15          *sum=a+b;
16      }
17      void output(int a, int b, int sum)
18      {
19          printf("the sum of %d and %d is %d",a,b,sum);
20      }
21      int main()
22      {
23          int a,b,sum;
24          input(&a,&b);
(gdb) l
25          add(a,b,&sum);
26          output(a,b,sum);
27          return 0;
28      }
(gdb) l
Line number 29 out of range; problem04.c has 28 lines.
(gdb) r
Starting program: C:\Users\P AKHILESH YADAV\Documents\GitHub\c_activity_sets\set01/a.exe
[New Thread 22276.0x5788]
[New Thread 22276.0x3a70]
enter the first numbers45
enter the second numbers78
the sum of 45 and 78 is 123[Inferior 1 (process 22276) exited normally]
(gdb) q
PS C:\Users\P AKHILESH YADAV\Documents\GitHub\c_activity_sets\set01>