PS C:\Users\P AKHILESH YADAV\Documents\GitHub\c_activity_sets> git add .
PS C:\Users\P AKHILESH YADAV\Documents\GitHub\c_activity_sets> git commit -m "test"
[main 8ff13b8] test
 3 files changed, 64 insertions(+)
 create mode 100644 set01/problem07debuug.txt
 create mode 100644 set01/problem07error.txt
PS C:\Users\P AKHILESH YADAV\Documents\GitHub\c_activity_sets> git push .
Everything up-to-date
PS C:\Users\P AKHILESH YADAV\Documents\GitHub\c_activity_sets> cd set01
PS C:\Users\P AKHILESH YADAV\Documents\GitHub\c_activity_sets\set01> gcc problem07.c -O0 g 
gcc.exe: error: g: No such file or directory
PS C:\Users\P AKHILESH YADAV\Documents\GitHub\c_activity_sets\set01> gcc problem07.c -O0 -g
PS C:\Users\P AKHILESH YADAV\Documents\GitHub\c_activity_sets\set01> gdb a.exe
GNU gdb (GDB) 7.6.1
Copyright (C) 2013 Free Software Foundation, Inc.
License GPLv3+: GNU GPL version 3 or later <http://gnu.org/licenses/gpl.html>
This is free software: you are free to change and redistribute it.
There is NO WARRANTY, to the extent permitted by law.  Type "show copying"
and "show warranty" for details.
This GDB was configured as "mingw32".
For bug reporting instructions, please see:
<http://www.gnu.org/software/gdb/bugs/>...
Reading symbols from C:\Users\P AKHILESH YADAV\Documents\GitHub\c_activity_sets\set01\a.exe...done.
(gdb) l
15      }
16
17      void output(int n, int sum) {
18          printf("The sum of natural numbers from 1 to %d is: %d\n", n, sum);
19      }
20
21      int main() {
22          int n, sum;
23          
24          n = input_n();
(gdb) l
25          sum = sum_n_nos(n);
26          output(n, sum);
27
28          return 0;
29      }(gdb) l
Line number 30 out of range; problem07.c has 29 lines.
(gdb) r
Starting program: C:\Users\P AKHILESH YADAV\Documents\GitHub\c_activity_sets\set01/a.exe       
[New Thread 12632.0x4794]
[New Thread 12632.0xf88]
Enter the value of n: 87
The sum of natural numbers from 1 to 87 is: 3828
[Inferior 1 (process 12632) exited normally]
(gdb) q
PS C:\Users\P AKHILESH YADAV\Documents\GitHub\c_activity_sets\set01>